# Deploying Acme (Fly.io + Neon)

Scaffolded by `mix samen.gen.app --deploy` (WS-D D10 / ADR-024). These artifacts are
**fail-honest**: structurally correct, but a fresh generation has NO Fly account, NO Neon
project, and NO KMS keys, so they do **not** claim a live deploy. `config/runtime.exs`
**fails closed** — the app RAISES on any missing required secret rather than booting a
vaulted SaaS half-secure. Everything below the "Operator TODO" line stays human work.

## Emitted artifacts

| File | What it is |
|---|---|
| `fly.toml` | Fly manifest — `[http_service]` on port `4050`, `/healthz` check, a `release_command` running migrations. |
| `Dockerfile` | Two-stage `mix release` build. **Build context = the monorepo root** (see below). |
| `rel/env.sh.eex` | Release env shim (node name / cookie). |
| `config/runtime.exs` | **Fail-closed** prod config: reads `DATABASE_URL`, `SECRET_KEY_BASE`, `PHX_HOST`, `SAMEN_KMS_KEY_ID`, `SAMEN_KMS_REGION`; raises a named error on any missing one. |

## Build context

Acme depends on `samen_core` (and `samen_web`) via `{:_, path: "..."}`. The
Docker build therefore needs the **monorepo root** (the dir containing `samen_core/`,
`samen_web/`, and `acme/`) as its build context, not the app dir alone:

    fly deploy --dockerfile acme/Dockerfile --config acme/fly.toml .

run from the monorepo root (`.`).

## Neon per-product database (branch-per-env)

Provision ONE Neon project per product, and use Neon **branches** for environments so
each env has an isolated copy that shares the parent's schema:

1. Create a Neon project for `acme`.
2. Create a branch per environment: `main` (prod), `staging`, and ephemeral PR branches.
   Each branch yields its own `DATABASE_URL`.
3. The connection string is your `DATABASE_URL` secret (below). Neon requires TLS
   (`?sslmode=require`); `config/runtime.exs` sets `ssl: [verify: :verify_none]` — harden
   to `verify_full` with a CA bundle as an operator step.
4. Migrations run automatically on deploy via `fly.toml`'s `release_command`.

## Secrets checklist

Set every secret before the first deploy — `config/runtime.exs` RAISES (fail-closed) if
any is missing, naming the variable:

- [ ] `DATABASE_URL` — the Neon connection string (`postgres://…/acme?sslmode=require`).
- [ ] `SECRET_KEY_BASE` — generate with `mix phx.gen.secret` (a ≥64-byte random string).
- [ ] `PHX_HOST` — the public hostname (e.g. `acme.fly.dev`).
- [ ] `SAMEN_KMS_KEY_ID` — the AWS KMS key id/ARN that wraps per-subject DEKs. **The vault
      cannot encrypt/decrypt PII without it** — the single most-forgotten prod requirement.
- [ ] `SAMEN_KMS_REGION` — the AWS region of the KMS key + the wrapped-DEK DynamoDB table.

Set them on Fly with:

    fly secrets set DATABASE_URL=… SECRET_KEY_BASE=… PHX_HOST=… \
      SAMEN_KMS_KEY_ID=… SAMEN_KMS_REGION=…

## Metrics egress (optional — WS-F5 F5.1)

Prometheus scraping is **OFF by default**. To turn it on, set one env var:

    fly secrets set SAMEN_METRICS_ENABLED=true

Then `config/runtime.exs` starts a Prometheus reporter (`:acme_prometheus`)
over `Samen.Metrics.definitions/0` and the framework `GET /metrics` route serves the
text exposition. With the flag UNSET the route returns `404` and nothing is exported —
the default is a true no-op.

- **Bounded cardinality only.** `mix samen.verify.metric_labels` fails the build if any
  metric carries a raw `org_id`/`actor_id`/`subject_id` label — no per-tenant series.
- **`/metrics` is on the app port.** Scrape it over Fly's **private** network (an
  internal scrape config / a Grafana Agent sidecar), NOT the public internet — do not
  add it to a public `[[http_service]]`. Front it with allow-listing if it must be
  reachable off the private net.

## Verify fail-closed (before you trust the deploy)

Boot the release with a required secret UNSET and confirm it REFUSES to start with a
named error (never a silent half-secure boot):

    # missing SAMEN_KMS_KEY_ID → must raise naming SAMEN_KMS_KEY_ID
    DATABASE_URL=… SECRET_KEY_BASE=… PHX_HOST=… SAMEN_KMS_REGION=… \
      /app/bin/acme eval ":ok"

## Tenant-auth gate — ARMED BY DEFAULT in prod (ADR-045 §2 V-F1)

The multi-tenant plane's authentication gate is **armed by default in production** and
**dev/test stay disarmed** (the query-param dogfood convenience is preserved).

- **Armed by default.** In `:prod` the tenant actor is derived ONLY from an authenticated
  session; an unauthenticated `?org=<uuid>` can never resolve another tenant's vaulted data.
  This is set three ways, any one sufficient: explicitly in `config/config.exs`
  (`config_env() == :prod`) and `config/runtime.exs` (`auth_required?: true`), and — absent any
  config — by the framework env-aware default (`Samen.Web.TenantGate`).
- **Refuses to boot if disarmed in prod.** If you set `config :acme, auth_required?:
  false` in a production environment, the app **refuses to boot** with a named error
  (`Samen.Web.TenantGate.assert_prod_armed!/1`, wired in `acme/application.ex`) — the
  framework twin of the ADR-024 prod-secret raise. There is no way to silently serve an open
  tenant plane in prod.
- **Arming has two prerequisites (or operators are locked out).** Arming without them yields a
  locked-out app, not a broken-open one — the right direction of failure, but wire both:
    1. **A login path** that sets the authenticated principal (`Samen.Web.Auth`). The generated
       app serves the framework auth spine (`/login`, `/signup`, …) over `Acme.Operator`;
       provision credentials / SSO for your operators + tenants (the `:auth_credentials` /
       `:operator_roster` seams, or real `Identity.Membership` rows).
    2. **The tenant `:identity_namespace` seam.** The generated router already wires
       `identity_namespace: Acme.Operator` on every tenant/shared mount
       (`@current_org_labels`), so on an armed host admin-rank writes derive the caller's REAL
       `Identity.Membership` role instead of failing closed to `:member` (ADR-045 §4.4). Keep
       that label if you author your own mounts — a role-gated tenant mount WITHOUT it is
       safe-because-denied (every write drops to `:member`), never safe-because-elevated.

## Operator TODO — the human prerequisites (NOT provided by this scaffold)

These are deliberately **not** automated (ADR-024 — no live deploy claim). The scaffold is
a fail-honest on-ramp, not a turnkey deploy. They are ordered **by consequence** — the first
three are the ones that make the app REFUSE TO BOOT (fail-secure) until you do them:

1. **Wire a real KMS adapter — the app REFUSES TO BOOT without one (ADR-045 §4.2, O5).** The
   `config/runtime.exs` selects `Samen.Kms.AwsKmsDynamo`, but that adapter is a **raise-only
   skeleton** (its AWS KMS + DynamoDB calls are NOT wired). It ships with
   `aws_kms_dynamo_enabled: false` and is backstopped by the framework boot guard
   (`Samen.Kms.assert_prod_adapter_ready!/0`, wired in `acme/application.ex`): a prod
   boot with an unimplemented KMS adapter selected **raises a named error and refuses to start**,
   naming the ADR-001 §8.2 obligations — rather than booting green and then **500-ing on every
   vault operation**. Choose ONE:
     - **Implement `Samen.Kms.AwsKmsDynamo`** (its `@moduledoc` lists the seven ADR-001 §8.2
       obligations: PITR-off, post-shred `unwrap` raises `:shredded`, positive `:shredded`
       attestation, pseudonym unlink, outage fails closed, `key_material_present?` false after a
       real `DeleteItem`, `list_active_subjects` wired), then REMOVE its `__kms_skeleton__?/0`
       marker so the boot guard admits it; create the AWS KMS key + the wrapped-DEK DynamoDB
       table (PITR OFF, per ADR-001) and set `SAMEN_KMS_KEY_ID` / `SAMEN_KMS_REGION`; or
     - **Select a real KMS you operate** (`config :samen_core, :kms_adapter, MyKms` in
       `config/runtime.exs`). `Samen.Kms.FileBacked` is a REAL adapter but is NOT durable across
       an ephemeral release filesystem — do not trust a production vault to it.
   The in-memory/file-backed dev adapters are NOT for production; the vault needs a real keystore.

2. **A real auth path for the ARMED tenant gate (ADR-045 §2).** The gate is **armed by default
   in prod** (see "Tenant-auth gate" above): the tenant actor is derived only from an
   authenticated session. Provision a login + membership/roster (the `:auth_credentials` /
   `:operator_roster` seams, or real `Identity.Membership` rows) so operators and tenants are not
   locked out. Do NOT disarm it (`auth_required?: false`) to work around a missing login — the
   app **refuses to boot** disarmed in prod (`Samen.Web.TenantGate.assert_prod_armed!/1`).

3. **Set the `aud_event_app_role` — the Postgres role the app connects as (ADR-045 §4.2, O4).**
   The `aud_event` migration emits `REVOKE UPDATE, DELETE ON aud_event FROM <role>` to make the
   audit tier append-only for the app. That `<role>` is resolved at migration time from, in
   order: the `:aud_event_app_role` knob, else the repo's configured `:username`, else it
   **raises** (it will NOT guess a role). Under a Neon `DATABASE_URL` there is no static
   `:username`, so set the knob explicitly before the first `release_command` migration:

       config :acme, :aud_event_app_role, "<the DB role in your DATABASE_URL>"

   A REVOKE against the WRONG role silently leaves `aud_event` mutable for the real app role — an
   audit-integrity gap — which is why the migration refuses to emit an arbitrary/guessed role.

4. **A real Fly account + app** — sign up, `fly auth login`, `fly apps create acme`,
   and set `app`/`primary_region` in `fly.toml`. No Fly account exists in a fresh generation.
5. **A real Neon project + DATABASE_URL** — create the project + branches (above) and set
   `DATABASE_URL`. No database is provisioned by this scaffold.
6. **A real OTLP exporter** — the observability plane records token-only spans with
   `db_statement: :disabled`, but the wide-event OTLP sink is operator-wired (it defaults
   to `:none`). Point it at your real collector to see traces in production.

Until these are done, `fly deploy` is not expected to yield a running app — and both
`config/runtime.exs` (missing secret) and `acme/application.ex` (unimplemented KMS
adapter / disarmed tenant gate) will **fail closed** at boot rather than pretend otherwise.

**Operator-plane authority (T146).** The generated `:operator_authority` seam
(`config :acme, :operator_authority, ...` + the operator mount label) ships a
NAMED dev-only default (`Samen.Web.Operator.Authz.dev_operator_role/2`) that grants operator
access while `:auth_required?` is false and refuses everyone once armed for prod. Before you
set `auth_required?: true`, REPLACE it with a resolver over your real operator roster /
`Membership` rows — `{mod, fun, args}` returning an operator role
(`Samen.OperatorPlane.Actor.roles/0`) or `nil`. It is fail-closed: leave it unset in prod and NO
principal reaches `/operator/*`; a plain tenant user never holds an operator role, so the
control plane (cross-tenant accounts/billing/MRR) stays refused to tenants by construction.
