import Config

config :acme, Acme.Repo,
  username: System.get_env("USER") || "postgres",
  password: "",
  hostname: "localhost",
  database: "acme_test",
  pool: Ecto.Adapters.SQL.Sandbox,
  pool_size: 10

config :logger, level: :warning

config :acme, start_repo?: false

# In test: manual Oban (job rows visible but not auto-executed) + no plugins.
config :samen_core, Oban, testing: :manual, plugins: false
